  median.cpp
C:\Users\Даниил\source\repos\median\median\median.cpp(11,17): warning C4244: инициализация: преобразование "Py_ssize_t" в "long", возможна потеря данных
C:\Users\Даниил\source\repos\median\median\median.cpp(33,1): warning C4566: символ, представленный универсальным именем символа "\u0432", невозможно представить в текущей кодовой странице (1252)
C:\Users\Даниил\source\repos\median\median\median.cpp(33,1): warning C4566: символ, представленный универсальным именем символа "\u044B", невозможно представить в текущей кодовой странице (1252)
C:\Users\Даниил\source\repos\median\median\median.cpp(33,1): warning C4566: символ, представленный универсальным именем символа "\u0447", невозможно представить в текущей кодовой странице (1252)
C:\Users\Даниил\source\repos\median\median\median.cpp(33,1): warning C4566: символ, представленный универсальным именем символа "\u0438", невозможно представить в текущей кодовой странице (1252)
C:\Users\Даниил\source\repos\median\median\median.cpp(33,1): warning C4566: символ, представленный универсальным именем символа "\u0441", невозможно представить в текущей кодовой странице (1252)
C:\Users\Даниил\source\repos\median\median\median.cpp(33,1): warning C4566: символ, представленный универсальным именем символа "\u043B", невозможно представить в текущей кодовой странице (1252)
C:\Users\Даниил\source\repos\median\median\median.cpp(33,1): warning C4566: символ, представленный универсальным именем символа "\u044F", невозможно представить в текущей кодовой странице (1252)
C:\Users\Даниил\source\repos\median\median\median.cpp(33,1): warning C4566: символ, представленный универсальным именем символа "\u0435", невозможно представить в текущей кодовой странице (1252)
C:\Users\Даниил\source\repos\median\median\median.cpp(33,1): warning C4566: символ, представленный универсальным именем символа "\u0442", невозможно представить в текущей кодовой странице (1252)
C:\Users\Даниил\source\repos\median\median\median.cpp(33,1): warning C4566: символ, представленный универсальным именем символа "\u043C", невозможно представить в текущей кодовой странице (1252)
C:\Users\Даниил\source\repos\median\median\median.cpp(33,1): warning C4566: символ, представленный универсальным именем символа "\u0434", невозможно представить в текущей кодовой странице (1252)
C:\Users\Даниил\source\repos\median\median\median.cpp(33,1): warning C4566: символ, представленный универсальным именем символа "\u0430", невозможно представить в текущей кодовой странице (1252)
C:\Users\Даниил\source\repos\median\median\median.cpp(33,1): warning C4566: символ, представленный универсальным именем символа "\u043D", невозможно представить в текущей кодовой странице (1252)
C:\Users\Даниил\source\repos\median\median\median.cpp(33,1): warning C4566: символ, представленный универсальным именем символа "\u0443", невозможно представить в текущей кодовой странице (1252)
C:\Users\Даниил\source\repos\median\median\median.cpp(33,1): warning C4566: символ, представленный универсальным именем символа "\u043F", невозможно представить в текущей кодовой странице (1252)
C:\Users\Даниил\source\repos\median\median\median.cpp(33,1): warning C4566: символ, представленный универсальным именем символа "\u043A", невозможно представить в текущей кодовой странице (1252)
C:\Users\Даниил\source\repos\median\median\median.cpp(43,5): warning C4566: символ, представленный универсальным именем символа "\u041C", невозможно представить в текущей кодовой странице (1252)
C:\Users\Даниил\source\repos\median\median\median.cpp(43,5): warning C4566: символ, представленный универсальным именем символа "\u043E", невозможно представить в текущей кодовой странице (1252)
C:\Users\Даниил\source\repos\median\median\median.cpp(43,5): warning C4566: символ, представленный универсальным именем символа "\u0434", невозможно представить в текущей кодовой странице (1252)
C:\Users\Даниил\source\repos\median\median\median.cpp(43,5): warning C4566: символ, представленный универсальным именем символа "\u0443", невозможно представить в текущей кодовой странице (1252)
C:\Users\Даниил\source\repos\median\median\median.cpp(43,5): warning C4566: символ, представленный универсальным именем символа "\u043B", невозможно представить в текущей кодовой странице (1252)
C:\Users\Даниил\source\repos\median\median\median.cpp(43,5): warning C4566: символ, представленный универсальным именем символа "\u044C", невозможно представить в текущей кодовой странице (1252)
C:\Users\Даниил\source\repos\median\median\median.cpp(43,5): warning C4566: символ, представленный универсальным именем символа "\u044F", невозможно представить в текущей кодовой странице (1252)
C:\Users\Даниил\source\repos\median\median\median.cpp(43,5): warning C4566: символ, представленный универсальным именем символа "\u0432", невозможно представить в текущей кодовой странице (1252)
C:\Users\Даниил\source\repos\median\median\median.cpp(43,5): warning C4566: символ, представленный универсальным именем символа "\u044B", невозможно представить в текущей кодовой странице (1252)
C:\Users\Даниил\source\repos\median\median\median.cpp(43,5): warning C4566: символ, представленный универсальным именем символа "\u0447", невозможно представить в текущей кодовой странице (1252)
C:\Users\Даниил\source\repos\median\median\median.cpp(43,5): warning C4566: символ, представленный универсальным именем символа "\u0438", невозможно представить в текущей кодовой странице (1252)
C:\Users\Даниил\source\repos\median\median\median.cpp(43,5): warning C4566: символ, представленный универсальным именем символа "\u0441", невозможно представить в текущей кодовой странице (1252)
C:\Users\Даниил\source\repos\median\median\median.cpp(43,5): warning C4566: символ, представленный универсальным именем символа "\u0435", невозможно представить в текущей кодовой странице (1252)
C:\Users\Даниил\source\repos\median\median\median.cpp(43,5): warning C4566: символ, представленный универсальным именем символа "\u043D", невозможно представить в текущей кодовой странице (1252)
C:\Users\Даниил\source\repos\median\median\median.cpp(43,5): warning C4566: символ, представленный универсальным именем символа "\u043C", невозможно представить в текущей кодовой странице (1252)
C:\Users\Даниил\source\repos\median\median\median.cpp(43,5): warning C4566: символ, представленный универсальным именем символа "\u0430", невозможно представить в текущей кодовой странице (1252)
     Создается библиотека C:\Users\Даниил\source\repos\median\x64\Release\median.lib и объект C:\Users\Даниил\source\repos\median\x64\Release\median.exp
  Создание кода
  Previous IPDB not found, fall back to full compilation.
  All 104 functions were compiled because no usable IPDB/IOBJ from previous compilation was found.
  Создание кода завершено
  median.vcxproj -> C:\Users\Даниил\source\repos\median\x64\Release\median.dll
